2025-11-15 02:08:20,428 - INFO - 
======================================================================
2025-11-15 02:08:20,429 - INFO - CONTINUOUS AUTONOMOUS GROWTH
2025-11-15 02:08:20,429 - INFO - ======================================================================
2025-11-15 02:08:20,429 - INFO - Interval: Every 24.0 hours
2025-11-15 02:08:20,429 - INFO - Max questions per cycle: 12,000
2025-11-15 02:08:20,429 - INFO - Max iterations: Infinite
2025-11-15 02:08:20,429 - INFO - 
Press Ctrl+C to stop

2025-11-15 02:08:20,429 - INFO - 
======================================================================
2025-11-15 02:08:20,429 - INFO - ITERATION 1
2025-11-15 02:08:20,429 - INFO - ======================================================================

2025-11-15 02:08:20,429 - INFO - ======================================================================
2025-11-15 02:08:20,429 - INFO - 🚀 Starting growth cycle (max 12,000 questions)
2025-11-15 02:08:20,429 - INFO - ======================================================================
2025-11-15 02:08:41,152 - INFO - ✅ Growth cycle completed successfully
2025-11-15 02:08:41,152 - INFO - 
Output:
2025-11-15 02:08:41,152 - INFO - 
⏳ Waiting 24.0 hours until next cycle...
2025-11-15 02:08:41,152 - INFO - Next cycle at: 2025-11-15 02:08:41
